// Jest Snapshot v1, https://goo.gl/fbAQLP

exports[`Link Component Snapshot renders correctly 1`] = `
<DocumentFragment>
  <a
    href="https://example.com"
  >
    Click Here
  </a>
</DocumentFragment>
`;
