// Jest Snapshot v1, https://goo.gl/fbAQLP

exports[`ChangeLanguageMolecules matches snapshot 1`] = `null`;
